// Jest Snapshot v1, https://goo.gl/fbAQLP

exports[`Hello component should be rendered properly 1`] = `
<h1>
  Hello from 
   and 
  !
</h1>
`;
