// Jest Snapshot v1, https://goo.gl/fbAQLP

exports[`The ProductCard component Successful displays should be render products page 1`] = `
<BrowserRouter>
  <Router
    history={
      Object {
        "action": "POP",
        "block": [Function],
        "createHref": [Function],
        "go": [Function],
        "goBack": [Function],
        "goForward": [Function],
        "length": 1,
        "listen": [Function],
        "location": Object {
          "hash": "",
          "pathname": "/",
          "search": "",
          "state": undefined,
        },
        "push": [Function],
        "replace": [Function],
      }
    }
  >
    <withRouter(ProductCard)
      location={
        Object {
          "pathname": "",
        }
      }
      product={
        Object {
          "attributes": Array [
            Object {
              "createdAt": "12/05/19",
              "description": "Product color",
              "id": "1",
              "name": "color",
            },
            Object {
              "createdAt": "12/05/19",
              "description": "Product size",
              "id": "2",
              "name": "size",
            },
            Object {
              "createdAt": "12/05/19",
              "description": "Product color",
              "id": "3",
              "name": "color",
            },
          ],
          "brand": Object {
            "createdAt": "12/05/19",
            "description": "Brand Nike",
            "id": "1",
            "name": "Nike",
          },
          "category": "Clothings",
          "createdAt": "05/12/19",
          "description": "A beautiful nice shirt designed by the freshest designer.",
          "discountPercent": "10",
          "gender": "male",
          "id": "1",
          "name": "Nice shirt",
          "pictures": "https://res.cloudinary.com/faksam-soft/image/upload/v1559209413/Man_005_shaco9.jpg",
          "price": "2000",
          "quantity": 7,
          "ratings": Array [
            Object {
              "createdAt": "12/05/19",
              "id": "1",
              "rating": "4",
            },
            Object {
              "createdAt": "12/05/19",
              "id": "2",
              "rating": "4",
            },
            Object {
              "createdAt": "12/05/19",
              "id": "3",
              "rating": "4",
            },
          ],
          "reviews": Array [
            Object {
              "createdAt": "12/05/19",
              "id": "1",
              "review": "Good product",
            },
            Object {
              "createdAt": "12/05/19",
              "id": "2",
              "review": "Good product",
            },
            Object {
              "createdAt": "12/05/19",
              "id": "3",
              "review": "Good product",
            },
          ],
          "shop": Object {
            "address": "Cosmos",
            "createdAt": "12/05/19",
            "description": "Shop One",
            "id": "1",
            "name": "Shop 1",
            "owner": Object {
              "address": "Cosmos",
              "createdAt": "12/05/19",
              "email": "fakunlesamuel@gmail.com",
              "fullname": "Samuel Fakunle",
              "id": "1",
              "phone": "07039248533",
              "userRole": Object {
                "createdAt": "12/05/19",
                "description": "Shop Admin",
                "id": "1",
                "name": "Admin",
              },
            },
          },
        }
      }
    >
      <Route>
        <ProductCard
          history={
            Object {
              "action": "POP",
              "block": [Function],
              "createHref": [Function],
              "go": [Function],
              "goBack": [Function],
              "goForward": [Function],
              "length": 1,
              "listen": [Function],
              "location": Object {
                "hash": "",
                "pathname": "/",
                "search": "",
                "state": undefined,
              },
              "push": [Function],
              "replace": [Function],
            }
          }
          location={
            Object {
              "hash": "",
              "pathname": "/",
              "search": "",
              "state": undefined,
            }
          }
          match={
            Object {
              "isExact": true,
              "params": Object {},
              "path": "/",
              "url": "/",
            }
          }
          product={
            Object {
              "attributes": Array [
                Object {
                  "createdAt": "12/05/19",
                  "description": "Product color",
                  "id": "1",
                  "name": "color",
                },
                Object {
                  "createdAt": "12/05/19",
                  "description": "Product size",
                  "id": "2",
                  "name": "size",
                },
                Object {
                  "createdAt": "12/05/19",
                  "description": "Product color",
                  "id": "3",
                  "name": "color",
                },
              ],
              "brand": Object {
                "createdAt": "12/05/19",
                "description": "Brand Nike",
                "id": "1",
                "name": "Nike",
              },
              "category": "Clothings",
              "createdAt": "05/12/19",
              "description": "A beautiful nice shirt designed by the freshest designer.",
              "discountPercent": "10",
              "gender": "male",
              "id": "1",
              "name": "Nice shirt",
              "pictures": "https://res.cloudinary.com/faksam-soft/image/upload/v1559209413/Man_005_shaco9.jpg",
              "price": "2000",
              "quantity": 7,
              "ratings": Array [
                Object {
                  "createdAt": "12/05/19",
                  "id": "1",
                  "rating": "4",
                },
                Object {
                  "createdAt": "12/05/19",
                  "id": "2",
                  "rating": "4",
                },
                Object {
                  "createdAt": "12/05/19",
                  "id": "3",
                  "rating": "4",
                },
              ],
              "reviews": Array [
                Object {
                  "createdAt": "12/05/19",
                  "id": "1",
                  "review": "Good product",
                },
                Object {
                  "createdAt": "12/05/19",
                  "id": "2",
                  "review": "Good product",
                },
                Object {
                  "createdAt": "12/05/19",
                  "id": "3",
                  "review": "Good product",
                },
              ],
              "shop": Object {
                "address": "Cosmos",
                "createdAt": "12/05/19",
                "description": "Shop One",
                "id": "1",
                "name": "Shop 1",
                "owner": Object {
                  "address": "Cosmos",
                  "createdAt": "12/05/19",
                  "email": "fakunlesamuel@gmail.com",
                  "fullname": "Samuel Fakunle",
                  "id": "1",
                  "phone": "07039248533",
                  "userRole": Object {
                    "createdAt": "12/05/19",
                    "description": "Shop Admin",
                    "id": "1",
                    "name": "Admin",
                  },
                },
              },
            }
          }
        >
          <Row
            className="ProductCard"
          >
            <div
              className="row ProductCard"
            >
              <Card
                className="card hoverable undefined"
              >
                <div
                  className="card hoverable undefined card"
                >
                  <div
                    className="card-content"
                  >
                    <div>
                      <img
                        src="https://res.cloudinary.com/faksam-soft/image/upload/v1559209413/Man_005_shaco9.jpg"
                      />
                      <hr />
                      <p>
                        Nice shirt
                      </p>
                      <p>
                         â‚¦
                        2000
                      </p>
                      <Button
                        className="btn-flat blue white-text"
                        node="button"
                        onClick={[Function]}
                      >
                        <button
                          className="btn btn-flat blue white-text"
                          disabled={false}
                          onClick={[Function]}
                        >
                          Buy Now
                        </button>
                      </Button>
                    </div>
                  </div>
                  <div
                    className="card-reveal"
                  >
                    <span
                      className="card-title"
                    >
                      <Icon
                        right={true}
                      >
                        <i
                          className="material-icons right"
                        >
                          close
                        </i>
                      </Icon>
                    </span>
                  </div>
                </div>
              </Card>
            </div>
          </Row>
        </ProductCard>
      </Route>
    </withRouter(ProductCard)>
  </Router>
</BrowserRouter>
`;
