// Jest Snapshot v1, https://goo.gl/fbAQLP

exports[`The ProductDetailsPage component should be render products page 1`] = `
<BrowserRouter>
  <Router
    history={
      Object {
        "action": "POP",
        "block": [Function],
        "createHref": [Function],
        "go": [Function],
        "goBack": [Function],
        "goForward": [Function],
        "length": 1,
        "listen": [Function],
        "location": Object {
          "hash": "",
          "pathname": "/",
          "search": "",
          "state": undefined,
        },
        "push": [Function],
        "replace": [Function],
      }
    }
  >
    <ProductDetailsPage>
      <Row>
        <div
          className="row"
        >
          <Col
            s={2}
          >
            <div
              className="col s2"
            >
              <Row>
                <div
                  className="row"
                >
                  <img
                    className="right ActiveProductImgCol"
                    src="https://res.cloudinary.com/faksam-soft/image/upload/v1559209413/Man_005_shaco9.jpg"
                  />
                </div>
              </Row>
              <Row>
                <div
                  className="row"
                >
                  <img
                    className="right ActiveProductImgCol"
                    src="https://res.cloudinary.com/faksam-soft/image/upload/v1559209413/Man_005_shaco9.jpg"
                  />
                </div>
              </Row>
              <Row>
                <div
                  className="row"
                >
                  <img
                    className="right ActiveProductImgCol"
                    src="https://res.cloudinary.com/faksam-soft/image/upload/v1559209413/Man_005_shaco9.jpg"
                  />
                </div>
              </Row>
              <Row>
                <div
                  className="row"
                >
                  <img
                    className="right ActiveProductImgCol"
                    src="https://res.cloudinary.com/faksam-soft/image/upload/v1559209413/Man_005_shaco9.jpg"
                  />
                </div>
              </Row>
            </div>
          </Col>
          <Col
            s={4}
          >
            <div
              className="col s4"
            >
              <img
                className="ActiveProductImg"
                src="https://res.cloudinary.com/faksam-soft/image/upload/v1559209413/Man_005_shaco9.jpg"
              />
            </div>
          </Col>
          <Col
            s={2}
          >
            <div
              className="col s2"
            >
              <h5>
                <b>
                  Nice cap
                </b>
              </h5>
              <p>
                Clothings
              </p>
              <p>
                â‚¦
                2000
              </p>
            </div>
          </Col>
          <Col
            className="center"
            s={4}
          >
            <div
              className="col s4 center"
            >
              <Card>
                <div
                  className="card"
                >
                  <div
                    className="card-content"
                  >
                    <div>
                      <Row>
                        <div
                          className="row"
                        >
                          <TextInput
                            label="Quantity"
                            max="100"
                            min="1"
                            placeholder="1"
                            type="number"
                          >
                            <div
                              className="input-field col"
                            >
                              <input
                                className=""
                                id={2}
                                max="100"
                                min="1"
                                placeholder="1"
                                type="number"
                              />
                              <label
                                className="active"
                                htmlFor={2}
                              >
                                Quantity
                              </label>
                              <span
                                className="helper-text"
                              />
                            </div>
                          </TextInput>
                          <Select
                            label="Size"
                            options={
                              Object {
                                "classes": "",
                                "dropdownOptions": Object {
                                  "alignment": "left",
                                  "autoTrigger": true,
                                  "closeOnClick": true,
                                  "constrainWidth": true,
                                  "container": null,
                                  "coverTrigger": true,
                                  "hover": false,
                                  "inDuration": 150,
                                  "onCloseEnd": null,
                                  "onCloseStart": null,
                                  "onOpenEnd": null,
                                  "onOpenStart": null,
                                  "outDuration": 250,
                                },
                              }
                            }
                            s={3}
                            value="Size"
                          >
                            <div
                              className="input-field col s3"
                            >
                              <select
                                className=""
                                id={3}
                                onChange={[Function]}
                                options={
                                  Object {
                                    "classes": "",
                                    "dropdownOptions": Object {
                                      "alignment": "left",
                                      "autoTrigger": true,
                                      "closeOnClick": true,
                                      "constrainWidth": true,
                                      "container": null,
                                      "coverTrigger": true,
                                      "hover": false,
                                      "inDuration": 150,
                                      "onCloseEnd": null,
                                      "onCloseStart": null,
                                      "onOpenEnd": null,
                                      "onOpenStart": null,
                                      "outDuration": 250,
                                    },
                                  }
                                }
                                type="select"
                                value="Size"
                              >
                                <option
                                  disabled={true}
                                  key="Size/.0"
                                  value="Size"
                                />
                                <option
                                  key="S/.1"
                                  value="S"
                                >
                                  S
                                </option>
                                <option
                                  key="M/.2"
                                  value="M"
                                >
                                  M
                                </option>
                                <option
                                  key="L/.3"
                                  value="L"
                                >
                                  L
                                </option>
                                <option
                                  key="XL/.4"
                                  value="XL"
                                >
                                  XL
                                </option>
                                <option
                                  key="XXL/.5"
                                  value="XXL"
                                >
                                  XXL
                                </option>
                              </select>
                              <label
                                htmlFor={3}
                              >
                                Size
                              </label>
                            </div>
                          </Select>
                          <Select
                            label="Color"
                            options={
                              Object {
                                "classes": "",
                                "dropdownOptions": Object {
                                  "alignment": "left",
                                  "autoTrigger": true,
                                  "closeOnClick": true,
                                  "constrainWidth": true,
                                  "container": null,
                                  "coverTrigger": true,
                                  "hover": false,
                                  "inDuration": 150,
                                  "onCloseEnd": null,
                                  "onCloseStart": null,
                                  "onOpenEnd": null,
                                  "onOpenStart": null,
                                  "outDuration": 250,
                                },
                              }
                            }
                            s={5}
                            value="Color"
                          >
                            <div
                              className="input-field col s5"
                            >
                              <select
                                className=""
                                id={4}
                                onChange={[Function]}
                                options={
                                  Object {
                                    "classes": "",
                                    "dropdownOptions": Object {
                                      "alignment": "left",
                                      "autoTrigger": true,
                                      "closeOnClick": true,
                                      "constrainWidth": true,
                                      "container": null,
                                      "coverTrigger": true,
                                      "hover": false,
                                      "inDuration": 150,
                                      "onCloseEnd": null,
                                      "onCloseStart": null,
                                      "onOpenEnd": null,
                                      "onOpenStart": null,
                                      "outDuration": 250,
                                    },
                                  }
                                }
                                type="select"
                                value="Color"
                              >
                                <option
                                  disabled={true}
                                  key="Color/.0"
                                  value="Color"
                                />
                                <option
                                  key="White/.1"
                                  value="White"
                                >
                                  White
                                </option>
                                <option
                                  key="Black/.2"
                                  value="Black"
                                >
                                  Black
                                </option>
                                <option
                                  key="Blue/.3"
                                  value="Blue"
                                >
                                  Blue
                                </option>
                                <option
                                  key="Green/.4"
                                  value="Green"
                                >
                                  Green
                                </option>
                                <option
                                  key="Red/.5"
                                  value="Red"
                                >
                                  Red
                                </option>
                              </select>
                              <label
                                htmlFor={4}
                              >
                                Color
                              </label>
                            </div>
                          </Select>
                        </div>
                      </Row>
                      <Row>
                        <div
                          className="row"
                        >
                          <Button
                            node="button"
                          >
                            <button
                              className="btn"
                              disabled={false}
                            >
                              ADD TO CART
                            </button>
                          </Button>
                        </div>
                      </Row>
                    </div>
                  </div>
                  <div
                    className="card-reveal"
                  >
                    <span
                      className="card-title"
                    >
                      <Icon
                        right={true}
                      >
                        <i
                          className="material-icons right"
                        >
                          close
                        </i>
                      </Icon>
                    </span>
                  </div>
                </div>
              </Card>
            </div>
          </Col>
        </div>
      </Row>
    </ProductDetailsPage>
  </Router>
</BrowserRouter>
`;
